// Jest Snapshot v1, https://goo.gl/fbAQLP

exports[`Multi Type apiClient 1`] = `
"// 
// Generated by @himenon/openapi-typescript-code-generator v0.27.1
// 
// OpenApi : 3.0.1
// 
// License  : MIT
// 


import { Schemas } from "./types";
export interface RequestBody$putAnyOf {
    "application/json": Schemas.Cat | Schemas.Dog;
}
export interface RequestBody$patchOneOf {
    "application/json": Schemas.Cat | Schemas.Dog;
}
export type RequestContentType$putAnyOf = keyof RequestBody$putAnyOf;
export interface Params$putAnyOf {
    requestBody: RequestBody$putAnyOf["application/json"];
}
export type RequestContentType$patchOneOf = keyof RequestBody$patchOneOf;
export interface Params$patchOneOf {
    requestBody: RequestBody$patchOneOf["application/json"];
}
export type HttpMethod = "GET" | "PUT" | "POST" | "DELETE" | "OPTIONS" | "HEAD" | "PATCH" | "TRACE";
export interface ObjectLike {
    [key: string]: any;
}
export interface QueryParameter {
    value: any;
    style?: "form" | "spaceDelimited" | "pipeDelimited" | "deepObject";
    explode: boolean;
}
export interface QueryParameters {
    [key: string]: QueryParameter;
}
export type SuccessResponses = void;
export namespace ErrorResponse {
    export type putAnyOf = void;
    export type patchOneOf = void;
}
export interface Encoding {
    readonly contentType?: string;
    headers?: Record<string, any>;
    readonly style?: "form" | "spaceDelimited" | "pipeDelimited" | "deepObject";
    readonly explode?: boolean;
    readonly allowReserved?: boolean;
}
export interface RequestArgs {
    readonly httpMethod: HttpMethod;
    readonly url: string;
    headers: ObjectLike | any;
    requestBody?: ObjectLike | any;
    requestBodyEncoding?: Record<string, Encoding>;
    queryParameters?: QueryParameters | undefined;
}
export interface ApiClient<RequestOption> {
    request: <T = SuccessResponses>(requestArgs: RequestArgs, options?: RequestOption) => Promise<T>;
}
export class Client<RequestOption> {
    private baseUrl: string;
    constructor(private apiClient: ApiClient<RequestOption>, baseUrl: string) { this.baseUrl = baseUrl.replace(/\\/$/, ""); }
    /**
     * operationId: putAnyOf
     * Request URI: /pets
     */
    public async putAnyOf(params: Params$putAnyOf, option?: RequestOption): Promise<void> {
        const url = this.baseUrl + \`/pets\`;
        const headers = {
            "Content-Type": "application/json"
        };
        return this.apiClient.request({
            httpMethod: "PUT",
            url,
            headers,
            requestBody: params.requestBody
        }, option);
    }
    /**
     * operationId: patchOneOf
     * Request URI: /pets
     */
    public async patchOneOf(params: Params$patchOneOf, option?: RequestOption): Promise<void> {
        const url = this.baseUrl + \`/pets\`;
        const headers = {
            "Content-Type": "application/json"
        };
        return this.apiClient.request({
            httpMethod: "PATCH",
            url,
            headers,
            requestBody: params.requestBody
        }, option);
    }
}
"
`;

exports[`Multi Type types 1`] = `
"// 
// Generated by @himenon/openapi-typescript-code-generator v0.27.1
// 
// OpenApi : 3.0.1
// 
// License  : MIT
// 


export namespace Schemas {
    export interface Pet {
        pet_type: string;
    }
    export type Dog = Schemas.Pet & {
        bark?: boolean;
        breed?: "Dingo" | "Husky" | "Retriever" | "Shepherd";
    };
    export type Cat = Schemas.Pet & {
        hunts?: boolean;
        age?: number;
    };
}
"
`;
