// Jest Snapshot v1, https://goo.gl/fbAQLP

exports[`Split Code apiClient 1`] = `
"// 
// Generated by @himenon/openapi-typescript-code-generator
// 
// OpenApi : 3.1.0
// 
// License  : MIT
// 


import { Schemas, RequestBodies } from \\"./types\\";
export interface Parameter$getIncludeLocalReference {
    /** parameters.StringQueryParams */
    StringQuery: string;
}
export interface Response$getIncludeLocalReference$Status$200 {
    \\"application/json\\": {
        meta: string;
    };
}
export interface Parameter$getIncludeRemoteReference {
    /** remote reference parameter */
    IncludeRemoteReference: number;
}
export interface RequestBody$getIncludeRemoteReference {
    \\"application/json\\": string;
}
export interface Parameter$getFullRemoteReference {
    /** Full Remote Reference */
    FullRemoteReferenceQuery: schemas.FullRemoteReference.ForParameters;
}
export interface Response$getFullRemoteReference$Status$200 {
    \\"application/json\\": {
        /** responseA description */
        name?: \\"responseA\\";
    };
}
export interface Response$getReferenceItems$Status$200 {
    \\"application/json\\": {
        books?: schemas.Item[];
    };
}
export interface Parameter$getBookById {
    /** Book ID */
    id: string;
}
export interface Response$getBookById$Status$200 {
    \\"application/json\\": schemas.ObjectHasPropertiesType;
}
export interface Parameter$deleteBook {
    /** Number Book ID */
    id: number;
}
export interface Response$deleteBook$Status$200 {
    \\"application/json\\": {
        status?: \\"ok\\";
    };
}
export type ResponseContentType$getIncludeLocalReference = keyof Response$getIncludeLocalReference$Status$200;
export interface Params$getIncludeLocalReference {
    parameter: Parameter$getIncludeLocalReference;
}
export type RequestContentType$getIncludeRemoteReference = keyof RequestBody$getIncludeRemoteReference;
export interface Params$getIncludeRemoteReference {
    parameter: Parameter$getIncludeRemoteReference;
    requestBody: RequestBody$getIncludeRemoteReference[\\"application/json\\"];
}
export type ResponseContentType$getFullRemoteReference = keyof Response$getFullRemoteReference$Status$200;
export interface Params$getFullRemoteReference {
    parameter: Parameter$getFullRemoteReference;
}
export type ResponseContentType$getReferenceItems = keyof Response$getReferenceItems$Status$200;
export type ResponseContentType$getBookById = keyof Response$getBookById$Status$200;
export interface Params$getBookById {
    parameter: Parameter$getBookById;
}
export type ResponseContentType$deleteBook = keyof Response$deleteBook$Status$200;
export interface Params$deleteBook {
    parameter: Parameter$deleteBook;
}
export type HttpMethod = \\"GET\\" | \\"PUT\\" | \\"POST\\" | \\"DELETE\\" | \\"OPTIONS\\" | \\"HEAD\\" | \\"PATCH\\" | \\"TRACE\\";
export interface ObjectLike {
    [key: string]: any;
}
export interface QueryParameter {
    value: any;
    style?: \\"form\\" | \\"spaceDelimited\\" | \\"pipeDelimited\\" | \\"deepObject\\";
    explode: boolean;
}
export interface QueryParameters {
    [key: string]: QueryParameter;
}
export type SuccessResponses = Response$getIncludeLocalReference$Status$200 | Response$getFullRemoteReference$Status$200 | Response$getReferenceItems$Status$200 | Response$getBookById$Status$200 | Response$deleteBook$Status$200;
export namespace ErrorResponse {
    export type getIncludeLocalReference = void;
    export type getIncludeRemoteReference = void;
    export type getFullRemoteReference = void;
    export type getReferenceItems = void;
    export type getBookById = void;
    export type deleteBook = void;
}
export interface ApiClient<RequestOption> {
    request: <T = SuccessResponses>(httpMethod: HttpMethod, url: string, headers: ObjectLike | any, requestBody: ObjectLike | any, queryParameters: QueryParameters | undefined, options?: RequestOption) => Promise<T>;
}
export class Client<RequestOption> {
    private baseUrl: string;
    constructor(private apiClient: ApiClient<RequestOption>, baseUrl: string) { this.baseUrl = baseUrl.replace(/\\\\/$/, \\"\\"); }
    /**
     * operationId: getIncludeLocalReference
     * Request URI: /get/IncludeLocalReference
     */
    public async getIncludeLocalReference(params: Params$getIncludeLocalReference, option?: RequestOption): Promise<Response$getIncludeLocalReference$Status$200[\\"application/json\\"]> {
        const url = this.baseUrl + \`/get/IncludeLocalReference\`;
        const headers = {
            Accept: \\"application/json\\"
        };
        const queryParameters: QueryParameters = {
            StringQuery: { value: params.parameter.StringQuery, explode: false }
        };
        return this.apiClient.request(\\"GET\\", url, headers, undefined, queryParameters, option);
    }
    /**
     * operationId: getIncludeRemoteReference
     * Request URI: /get/IncludeRemoteReference
     */
    public async getIncludeRemoteReference(params: Params$getIncludeRemoteReference, option?: RequestOption): Promise<void> {
        const url = this.baseUrl + \`/get/IncludeRemoteReference\`;
        const headers = {
            \\"Content-Type\\": \\"application/json\\"
        };
        const queryParameters: QueryParameters = {
            IncludeRemoteReference: { value: params.parameter.IncludeRemoteReference, explode: false }
        };
        return this.apiClient.request(\\"GET\\", url, headers, params.requestBody, queryParameters, option);
    }
    /**
     * operationId: getFullRemoteReference
     * Request URI: /FullRemoteReference
     */
    public async getFullRemoteReference(params: Params$getFullRemoteReference, option?: RequestOption): Promise<Response$getFullRemoteReference$Status$200[\\"application/json\\"]> {
        const url = this.baseUrl + \`/FullRemoteReference\`;
        const headers = {
            Accept: \\"application/json\\"
        };
        const queryParameters: QueryParameters = {
            FullRemoteReferenceQuery: { value: params.parameter.FullRemoteReferenceQuery, explode: false }
        };
        return this.apiClient.request(\\"GET\\", url, headers, undefined, queryParameters, option);
    }
    /**
     * operationId: getReferenceItems
     * Request URI: /get/reference/items
     */
    public async getReferenceItems(option?: RequestOption): Promise<Response$getReferenceItems$Status$200[\\"application/json\\"]> {
        const url = this.baseUrl + \`/get/reference/items\`;
        const headers = {
            Accept: \\"application/json\\"
        };
        return this.apiClient.request(\\"GET\\", url, headers, undefined, undefined, option);
    }
    /**
     * operationId: getBookById
     * Request URI: /get/books/{id}
     */
    public async getBookById(params: Params$getBookById, option?: RequestOption): Promise<Response$getBookById$Status$200[\\"application/json\\"]> {
        const url = this.baseUrl + \`/get/books/\${params.parameter.id}\`;
        const headers = {
            Accept: \\"application/json\\"
        };
        return this.apiClient.request(\\"GET\\", url, headers, undefined, undefined, option);
    }
    /**
     * operationId: deleteBook
     * Request URI: /get/books/{id}
     */
    public async deleteBook(params: Params$deleteBook, option?: RequestOption): Promise<Response$deleteBook$Status$200[\\"application/json\\"]> {
        const url = this.baseUrl + \`/get/books/\${params.parameter.id}\`;
        const headers = {
            Accept: \\"application/json\\"
        };
        return this.apiClient.request(\\"DELETE\\", url, headers, undefined, undefined, option);
    }
}
"
`;

exports[`Split Code types 1`] = `
"// 
// Generated by @himenon/openapi-typescript-code-generator
// 
// OpenApi : 3.1.0
// 
// License  : MIT
// 


export namespace Schemas {
    /** String Literal */
    export type StringType = string;
    export type StringHasEnumType = \\"a\\" | \\"A\\" | \\"b\\" | \\"B\\" | \\"c\\" | \\"C\\";
    export type StringDateType = string;
    export type StringDateTimeType = string;
    export type StringPasswordType = string;
    export type StringByteType = string;
    export type StringBinaryType = string;
    export type StringWithPatternType = string;
    /** Number Literal */
    export type NumberType = number;
    export type NumberHasEnumType = 1 | 2 | 3 | 100 | 123 | 0.1 | -0.1 | 0;
    export type NumberInt32Type = number;
    export type NumberInt64Type = number;
    export type NumberFloat = number;
    export type NumberDouble = number;
    /** Boolean Literal */
    export type BooleanType = boolean;
    export type ArrayStringType = string[];
    export type ArrayNumberType = number[];
    export type ArrayBooleanType = boolean[];
    export interface ObjectEmptyPropertiesType {
    }
    export interface ObjectHasPropertiesType {
        stringType?: string;
        numberType?: number;
        booleanType?: boolean;
        arrayType?: string;
        objectType?: {
            requiredStringType: string;
        };
    }
    export type OneOfType = string | number | {};
    export type AllOfType = {
        A?: string;
    } & {
        B?: string;
    };
    export type LocalRefStringType = schemas.StringType;
    export type LocalRefNumberType = schemas.NumberType;
    export type LocalRefBooleanType = schemas.BooleanType;
    export type LocalRefArrayStringType = schemas.BooleanType;
    export type LocalRefObjectHasPropertiesType = schemas.ObjectHasPropertiesType;
    export interface LocalRefObjectProperties {
        stringType: schemas.StringType;
        numberType: schemas.NumberType;
        booleanType: schemas.BooleanType;
        arrayType: schemas.BooleanType;
        objectType: schemas.ObjectHasPropertiesType;
    }
    export type LocalRefOneOfType = schemas.StringType | schemas.NumberType | schemas.ObjectHasPropertiesType | schemas.LocalRefObjectProperties;
    export type LocalRefAllOfType = schemas.StringType & schemas.NumberType & schemas.ObjectHasPropertiesType & schemas.LocalRefObjectProperties;
    export type LocalReferenceBeforeResolvedSchema1 = schemas.UnresolvedTarget1;
    export type UnresolvedTarget1 = boolean;
    export type LocalReferenceBeforeResolvedSchema2 = schemas.UnresolvedTarget2;
    export type UnresolvedTarget2 = schemas.UnresolvedTarget3;
    export type UnresolvedTarget3 = number;
    export interface LocalReferenceBeforeResolvedSchema3 {
        unresolvedTarget4?: schemas.UnresolvedTarget4;
    }
    export interface UnresolvedTarget4 {
        unresolvedTarget5?: schemas.UnresolvedTarget5;
    }
    export type UnresolvedTarget5 = string;
    export type RemoteString = string;
    export type RemoteRefString = schemas.RemoteString;
    export namespace Level1 {
        /** Level 1 */
        export type RemoteBoolean = boolean;
        export namespace Level2 {
            /** Level 2 */
            export type RemoteNumber = number;
            export namespace Level3 {
                /** Level 3 */
                export type RemoteArray = string[];
                export namespace Level4 {
                    /** Level 4 */
                    export interface RemoteObject {
                        A?: string;
                        B?: number;
                    }
                }
            }
        }
    }
    /** Level 1 */
    export type RemoteRefBoolean = schemas.Level1.RemoteBoolean;
    /** Level 2 */
    export type RemoteRefNumber = schemas.Level1.Level2.RemoteNumber;
    /** Level 3 */
    export type RemoteRefArray = schemas.Level1.Level2.Level3.RemoteArray;
    /** Level 4 */
    export type RemoteRefObject = schemas.Level1.Level2.Level3.Level4.RemoteObject;
    export namespace DirectRef {
        export type ForHeader = string;
        export interface ForResponse {
            forResponse?: string;
        }
        export type ForParameters = string;
        export interface ForRequestBody {
            a?: string;
        }
    }
    export namespace FullRemoteReference {
        export type ForParameters = string;
    }
    export interface Child {
        id: string;
        /** child name */
        name: string;
    }
    export interface Item {
        name: string;
        children: Child[];
    }
}
export namespace Headers {
    export type StringHeader = string;
    export type A = number;
    export namespace Level1 {
        export type B = string;
    }
    export type ReferenceOfHeaderToSchema = schemas.DirectRef.ForHeader;
}
export namespace Responses {
    /**
     * Status Code 100
     * @see https://developer.mozilla.org/en-US/docs/Web/HTTP/Status/100
     */
    export namespace Continue { }
    /**
     * Status Code 101
     * @see https://developer.mozilla.org/en-US/docs/Web/HTTP/Status/101
     */
    export namespace SwitchingProtocol { }
    /** Type Reference - string */
    export namespace LocalReferenceStringDateTimeType {
        export interface Content {
            \\"application/json\\": schemas.StringDateTimeType;
        }
    }
    /** Local Reference - object */
    export namespace LocalReferenceObjectType {
        export interface Content {
            \\"application/json\\": schemas.ObjectHasPropertiesType;
        }
    }
    /** Response -> Schema */
    export namespace ReferenceOfResponseToSchema {
        export interface Content {
            \\"application/json\\": schemas.DirectRef.ForResponse;
        }
    }
    /** response A definition */
    export namespace ResponseA {
        export interface Header {
            HeaderA: Headers.A;
            HeaderB: string;
        }
        export interface Content {
            \\"application/json\\": {
                /** responseA description */
                name?: \\"responseA\\";
            };
        }
    }
    export namespace Level1 {
        /** response B definition */
        export namespace ResponseB {
            export interface Content {
                \\"application/json\\": {
                    name?: \\"responseB\\";
                };
            }
        }
        export namespace Level2 {
            /** response C definition */
            export namespace ResponseC {
                export interface Content {
                    \\"application/json\\": {
                        name?: \\"responseC\\";
                    };
                }
            }
        }
    }
    export namespace ForPathItems {
        /** response A definition */
        export namespace FullRemoteReference {
            export interface Header {
                HeaderA: Headers.A;
                HeaderB: string;
            }
            export interface Content {
                \\"application/json\\": {
                    /** responseA description */
                    name?: \\"responseA\\";
                };
            }
        }
    }
}
export namespace Parameters {
    /** parameters.StringQueryParams */
    export type StringQueryParams = string;
    /** parameters.NumberQueryParams */
    export type NumberQueryParams = number;
    /** parameters.StringQueryParams */
    export type StringHeaderParams = string;
    export type A = number;
    export type RemoteReferenceA = Parameters.A;
    export namespace level1 {
        export type B = string;
    }
    export type RemoteReferenceB = Parameters.level1.B;
    /** parameters -> schemas */
    export type ReferenceOfParameterToSchema = schemas.DirectRef.ForParameters;
    /** deepObject */
    export type DeepObjectParameter = {
        [key: string]: {
            gt?: string;
            gte?: string;
            lt?: string;
            lte?: string;
            any?: string | number | boolean;
        };
    };
}
export namespace RequestBodies {
    /** Request body string type */
    export namespace StringType {
        export interface Content {
            \\"application/json\\": string;
        }
    }
    /** Request body Local reference string type */
    export namespace LocalReferenceStringType {
        export interface Content {
            \\"application/json\\": schemas.StringHasEnumType;
        }
    }
    /** requestBodies -> schemas */
    export namespace ReferenceOfRequestBodyToSchema {
        export interface Content {
            \\"application/json\\": schemas.DirectRef.ForRequestBody;
        }
    }
    /** Remote Request body A */
    export namespace RequestBodyA {
        export interface Content {
            \\"application/json\\": {
                body?: string;
            };
        }
    }
    export namespace Level1 {
        /** Remote Request body B */
        export namespace RequestBodyB {
            export interface Content {
                \\"application/json\\": {
                    body?: string;
                };
            }
        }
        export namespace Level2 {
            /** Remote Request body C */
            export namespace RequestBodyC {
                export interface Content {
                    \\"application/json\\": {
                        body?: string;
                    };
                }
            }
        }
    }
}
"
`;
